src/pages/trainer/TrainerChatPage.tsx(25,5): error TS6133: 'X' is declared but its value is never read.
src/pages/trainer/TrainerChatPage.tsx(26,14): error TS6133: 'ImageIcon' is declared but its value is never read.
src/pages/trainer/TrainerChatPage.tsx(27,5): error TS6133: 'StopCircle' is declared but its value is never read.
src/pages/trainer/TrainerClientListing.tsx(17,11): error TS6196: 'Client' is declared but never used.
src/pages/trainer/TrainerUserDiet.tsx(205,12): error TS6133: 'hasDietSession' is declared but its value is never read.
src/pages/trainer/TrainerUserDiet.tsx(246,20): error TS6133: 'createDietSession' is declared but its value is never read.
src/pages/trainer/TrainerUserDiet.tsx(351,19): error TS6133: 'response' is declared but its value is never read.
src/pages/user/UserChatPage.tsx(24,5): error TS6133: 'X' is declared but its value is never read.
src/pages/user/UserChatPage.tsx(25,14): error TS6133: 'ImageIcon' is declared but its value is never read.
src/pages/user/UserChatPage.tsx(26,5): error TS6133: 'StopCircle' is declared but its value is never read.
src/pages/user/WorkoutSuccess.tsx(2,47): error TS6133: 'Link' is declared but its value is never read.
src/redux/slices/gymAuthSlice.ts(52,7): error TS2322: Type '{ _id: string; isVerified: boolean; trainers: string[]; members: string[]; createdAt: string | null; updatedAt: string | null; role?: "gym" | undefined; name?: string | null | undefined; email?: string | ... 1 more ... | undefined; ... 8 more ...; images?: string[] | ... 1 more ... | undefined; }' is not assignable to type 'WritableDraft<GymType>'.
  Types of property 'role' are incompatible.
    Type '"gym" | undefined' is not assignable to type '"gym"'.
      Type 'undefined' is not assignable to type '"gym"'.
src/redux/slices/gymAuthSlice.ts(54,14): error TS18048: 'payload._id' is possibly 'undefined'.
