eslint.config.mts(5,30): error TS2307: Cannot find module 'eslint/config' or its corresponding type declarations.
src/repositories/gym.repository.ts(618,9): error TS2393: Duplicate function implementation.
src/repositories/gym.repository.ts(761,9): error TS2393: Duplicate function implementation.
src/services/dietTemplate.service.ts(16,7): error TS2561: Object literal may only specify known properties, but 'createdBy' does not exist in type 'Partial<IDietTemplate>'. Did you mean to write 'createdById'?
src/services/dietTemplate.service.ts(57,27): error TS2551: Property 'createdBy' does not exist on type 'IDietTemplate'. Did you mean 'createdById'?
